Waiting for connections on port: 7101...
Connected successfully
[  10000 steps,    50 episodes] last 50: success   0.0% | held   0.0% | within 3 cm   2.0% | min dist 0.120 m | approach   8.1 deg | tilt  14.0 deg | pitch  -3.2 deg | off centre  6.2 cm | peak F  0.2 N | length 200.0
[  20000 steps,   100 episodes] last 50: success   0.0% | held   0.0% | within 3 cm   2.0% | min dist 0.110 m | approach  11.3 deg | tilt  34.8 deg | pitch  +0.7 deg | off centre  6.2 cm | peak F  0.1 N | length 200.0
[  29832 steps,   150 episodes] last 50: success   2.0% | held   2.0% | within 3 cm   4.0% | min dist 0.082 m | approach  11.1 deg | tilt  24.6 deg | pitch  -2.4 deg | off centre  3.9 cm | peak F  0.6 N | length 196.6
[  39669 steps,   200 episodes] last 50: success   0.0% | held   2.0% | within 3 cm  18.0% | min dist 0.052 m | approach  16.5 deg | tilt  18.3 deg | pitch  -8.4 deg | off centre  3.1 cm | peak F  2.0 N | length 196.7
[  49211 steps,   250 episodes] last 50: success   0.0% | held  10.0% | within 3 cm  44.0% | min dist 0.033 m | approach  14.3 deg | tilt  16.3 deg | pitch  -6.1 deg | off centre  1.9 cm | peak F  5.0 N | length 190.8
[  56870 steps,   300 episodes] last 50: success   2.0% | held  40.0% | within 3 cm  72.0% | min dist 0.023 m | approach  12.8 deg | tilt  11.8 deg | pitch  -4.9 deg | off centre  1.4 cm | peak F  8.8 N | length 153.2
[  63459 steps,   350 episodes] last 50: success  10.0% | held  52.0% | within 3 cm  80.0% | min dist 0.021 m | approach  12.4 deg | tilt   9.7 deg | pitch  -4.8 deg | off centre  1.3 cm | peak F  9.6 N | length 131.8
[  69437 steps,   400 episodes] last 50: success  18.0% | held  66.0% | within 3 cm  94.0% | min dist 0.019 m | approach  12.8 deg | tilt   9.9 deg | pitch  -4.4 deg | off centre  1.1 cm | peak F 10.6 N | length 119.6
[  73793 steps,   450 episodes] last 50: success  18.0% | held  88.0% | within 3 cm 100.0% | min dist 0.016 m | approach  10.8 deg | tilt   9.6 deg | pitch  -3.4 deg | off centre  1.0 cm | peak F 12.0 N | length  87.1
[  77485 steps,   500 episodes] last 50: success  14.0% | held  92.0% | within 3 cm 100.0% | min dist 0.014 m | approach   9.6 deg | tilt   8.0 deg | pitch  -2.4 deg | off centre  0.8 cm | peak F 13.0 N | length  73.8
[  82007 steps,   550 episodes] last 50: success  12.0% | held  80.0% | within 3 cm  98.0% | min dist 0.014 m | approach   9.1 deg | tilt   6.7 deg | pitch  -2.0 deg | off centre  0.8 cm | peak F 13.2 N | length  90.4
[  85315 steps,   600 episodes] last 50: success  16.0% | held  92.0% | within 3 cm 100.0% | min dist 0.014 m | approach   7.9 deg | tilt   7.0 deg | pitch  -1.8 deg | off centre  0.9 cm | peak F 12.9 N | length  66.2
[  89195 steps,   650 episodes] last 50: success  10.0% | held  90.0% | within 3 cm 100.0% | min dist 0.013 m | approach   8.0 deg | tilt   6.6 deg | pitch  -1.7 deg | off centre  0.8 cm | peak F 13.3 N | length  77.6
[  93818 steps,   700 episodes] last 50: success  16.0% | held  86.0% | within 3 cm  96.0% | min dist 0.016 m | approach   8.8 deg | tilt   7.0 deg | pitch  -2.3 deg | off centre  1.0 cm | peak F 12.3 N | length  92.5
[  96644 steps,   750 episodes] last 50: success   6.0% | held  98.0% | within 3 cm 100.0% | min dist 0.012 m | approach   8.9 deg | tilt   6.3 deg | pitch  -2.3 deg | off centre  0.7 cm | peak F 14.1 N | length  56.5
[ 100027 steps,   800 episodes] last 50: success  10.0% | held  92.0% | within 3 cm 100.0% | min dist 0.013 m | approach   8.4 deg | tilt   7.2 deg | pitch  -2.3 deg | off centre  0.8 cm | peak F 13.7 N | length  67.7
trained 100000 steps in 18.7 min -> models/short/C1_seed0_100k.zip
evaluation, 20 deterministic episodes: success  10.0% | held  55.0% | within 3 cm  95.0% | min dist 0.021 m | approach   9.5 deg | tilt   4.9 deg | pitch  -2.8 deg | off centre  1.5 cm | peak F  9.3 N | length 101.2
