Waiting for connections on port: 7401...
Connected successfully
[  10000 steps,    50 episodes] last 50: success   0.0% | within 3 cm   0.0% | min dist 0.128 m | approach   7.2 deg | tilt   9.6 deg | off centre  6.3 cm | peak F  0.0 N | length 200.0
[  20000 steps,   100 episodes] last 50: success   0.0% | within 3 cm   0.0% | min dist 0.145 m | approach  11.0 deg | tilt  19.0 deg | off centre  6.7 cm | peak F  0.0 N | length 200.0
[  30000 steps,   150 episodes] last 50: success   0.0% | within 3 cm   0.0% | min dist 0.119 m | approach  11.2 deg | tilt  26.1 deg | off centre  4.2 cm | peak F  0.2 N | length 200.0
[  39854 steps,   200 episodes] last 50: success   0.0% | within 3 cm   2.0% | min dist 0.077 m | approach  13.5 deg | tilt  29.1 deg | off centre  4.0 cm | peak F  0.5 N | length 197.1
[  48991 steps,   250 episodes] last 50: success  10.0% | within 3 cm  16.0% | min dist 0.046 m | approach  13.9 deg | tilt  27.1 deg | off centre  2.7 cm | peak F  2.0 N | length 182.7
[  54735 steps,   300 episodes] last 50: success  52.0% | within 3 cm  84.0% | min dist 0.026 m | approach   8.8 deg | tilt  15.7 deg | off centre  1.3 cm | peak F  7.1 N | length 114.9
[  59477 steps,   350 episodes] last 50: success  68.0% | within 3 cm  86.0% | min dist 0.025 m | approach   5.7 deg | tilt  13.6 deg | off centre  1.3 cm | peak F  7.5 N | length  94.8
[  63381 steps,   400 episodes] last 50: success  64.0% | within 3 cm  96.0% | min dist 0.023 m | approach   5.1 deg | tilt  11.1 deg | off centre  1.1 cm | peak F  8.5 N | length  78.1
[  67195 steps,   450 episodes] last 50: success  70.0% | within 3 cm  94.0% | min dist 0.024 m | approach   4.6 deg | tilt  10.7 deg | off centre  1.2 cm | peak F  8.2 N | length  76.3
[  71452 steps,   500 episodes] last 50: success  74.0% | within 3 cm  94.0% | min dist 0.026 m | approach   5.4 deg | tilt   9.9 deg | off centre  1.3 cm | peak F  7.7 N | length  85.1
[  74311 steps,   550 episodes] last 50: success  74.0% | within 3 cm  98.0% | min dist 0.023 m | approach   4.6 deg | tilt   9.9 deg | off centre  1.3 cm | peak F  8.5 N | length  57.2
[  77484 steps,   600 episodes] last 50: success  68.0% | within 3 cm  96.0% | min dist 0.024 m | approach   4.9 deg | tilt  10.1 deg | off centre  1.3 cm | peak F  8.4 N | length  63.5
[  81242 steps,   650 episodes] last 50: success  72.0% | within 3 cm  92.0% | min dist 0.026 m | approach   5.6 deg | tilt   9.2 deg | off centre  1.4 cm | peak F  7.7 N | length  75.2
[  83760 steps,   700 episodes] last 50: success  74.0% | within 3 cm 100.0% | min dist 0.022 m | approach   4.8 deg | tilt   8.6 deg | off centre  1.1 cm | peak F  8.9 N | length  50.4
[  86519 steps,   750 episodes] last 50: success  76.0% | within 3 cm  98.0% | min dist 0.022 m | approach   5.4 deg | tilt   8.4 deg | off centre  1.2 cm | peak F  8.9 N | length  55.2
[  88987 steps,   800 episodes] last 50: success  64.0% | within 3 cm  98.0% | min dist 0.023 m | approach   5.0 deg | tilt   7.6 deg | off centre  1.2 cm | peak F  8.6 N | length  49.4
[  91339 steps,   850 episodes] last 50: success  80.0% | within 3 cm 100.0% | min dist 0.023 m | approach   5.0 deg | tilt   8.8 deg | off centre  1.2 cm | peak F  8.7 N | length  47.0
[  93815 steps,   900 episodes] last 50: success  84.0% | within 3 cm 100.0% | min dist 0.023 m | approach   4.4 deg | tilt   8.0 deg | off centre  1.2 cm | peak F  8.3 N | length  49.5
[  95986 steps,   950 episodes] last 50: success  78.0% | within 3 cm  98.0% | min dist 0.025 m | approach   4.3 deg | tilt   8.1 deg | off centre  1.4 cm | peak F  8.1 N | length  43.4
[  97939 steps,  1000 episodes] last 50: success  80.0% | within 3 cm 100.0% | min dist 0.022 m | approach   4.6 deg | tilt   7.5 deg | off centre  1.1 cm | peak F  8.9 N | length  39.1
[  99753 steps,  1050 episodes] last 50: success  82.0% | within 3 cm 100.0% | min dist 0.022 m | approach   3.7 deg | tilt   8.5 deg | off centre  1.2 cm | peak F  8.9 N | length  36.3
trained 100000 steps in 13.6 min -> models/short/C4_seed0_100k.zip
evaluation, 20 deterministic episodes: success  45.0% | within 3 cm 100.0% | min dist 0.020 m | approach   5.4 deg | tilt   5.6 deg | off centre  1.1 cm | peak F 10.0 N | length  28.0
