Waiting for connections on port: 7101...
Connected successfully
[  10000 steps,    50 episodes] last 50: success   0.0% | within 3 cm   2.0% | min dist 0.123 m | approach   8.9 deg | tilt  15.3 deg | pitch  -2.0 deg | off centre  6.3 cm | peak F  0.2 N | length 200.0
[  19817 steps,   100 episodes] last 50: success   2.0% | within 3 cm   4.0% | min dist 0.102 m | approach  13.0 deg | tilt  27.6 deg | pitch  +1.0 deg | off centre  5.1 cm | peak F  0.5 N | length 196.3
[  29681 steps,   150 episodes] last 50: success   2.0% | within 3 cm  14.0% | min dist 0.080 m | approach  10.6 deg | tilt  22.8 deg | pitch  +0.6 deg | off centre  3.9 cm | peak F  1.5 N | length 197.3
[  38633 steps,   200 episodes] last 50: success   8.0% | within 3 cm  16.0% | min dist 0.061 m | approach   6.0 deg | tilt  13.6 deg | pitch  -2.6 deg | off centre  2.7 cm | peak F  1.8 N | length 179.0
[  46624 steps,   250 episodes] last 50: success  18.0% | within 3 cm  54.0% | min dist 0.032 m | approach   5.8 deg | tilt  15.1 deg | pitch  +1.0 deg | off centre  2.0 cm | peak F  5.5 N | length 159.8
[  52198 steps,   300 episodes] last 50: success  32.0% | within 3 cm  86.0% | min dist 0.023 m | approach   4.8 deg | tilt  13.8 deg | pitch  +0.7 deg | off centre  1.2 cm | peak F  8.5 N | length 111.5
[  56460 steps,   350 episodes] last 50: success  40.0% | within 3 cm  92.0% | min dist 0.023 m | approach   3.9 deg | tilt  10.0 deg | pitch  -0.7 deg | off centre  1.1 cm | peak F  9.2 N | length  85.2
[  60292 steps,   400 episodes] last 50: success  58.0% | within 3 cm  94.0% | min dist 0.022 m | approach   3.6 deg | tilt   9.2 deg | pitch  -0.8 deg | off centre  1.3 cm | peak F  8.9 N | length  76.6
[  62952 steps,   450 episodes] last 50: success  56.0% | within 3 cm 100.0% | min dist 0.020 m | approach   4.3 deg | tilt   9.0 deg | pitch  -0.8 deg | off centre  1.2 cm | peak F  9.8 N | length  53.2
[  65678 steps,   500 episodes] last 50: success  56.0% | within 3 cm 100.0% | min dist 0.020 m | approach   3.4 deg | tilt   9.7 deg | pitch  -0.6 deg | off centre  1.1 cm | peak F  9.8 N | length  54.5
[  68206 steps,   550 episodes] last 50: success  50.0% | within 3 cm 100.0% | min dist 0.020 m | approach   3.9 deg | tilt   9.4 deg | pitch  -0.9 deg | off centre  1.1 cm | peak F 10.0 N | length  50.6
[  70037 steps,   600 episodes] last 50: success  50.0% | within 3 cm 100.0% | min dist 0.021 m | approach   3.1 deg | tilt   8.7 deg | pitch  -0.9 deg | off centre  1.1 cm | peak F  9.7 N | length  36.6
[  72314 steps,   650 episodes] last 50: success  60.0% | within 3 cm 100.0% | min dist 0.021 m | approach   2.9 deg | tilt   9.3 deg | pitch  -0.8 deg | off centre  1.1 cm | peak F  9.5 N | length  45.5
[  74258 steps,   700 episodes] last 50: success  52.0% | within 3 cm 100.0% | min dist 0.019 m | approach   2.7 deg | tilt   9.5 deg | pitch  -1.1 deg | off centre  1.0 cm | peak F 10.3 N | length  38.9
[  76150 steps,   750 episodes] last 50: success  72.0% | within 3 cm 100.0% | min dist 0.021 m | approach   3.2 deg | tilt  10.0 deg | pitch  -1.0 deg | off centre  1.2 cm | peak F  9.3 N | length  37.8
[  78108 steps,   800 episodes] last 50: success  52.0% | within 3 cm 100.0% | min dist 0.020 m | approach   3.1 deg | tilt   9.1 deg | pitch  -0.3 deg | off centre  1.2 cm | peak F 10.0 N | length  39.2
[  79767 steps,   850 episodes] last 50: success  58.0% | within 3 cm  98.0% | min dist 0.020 m | approach   3.0 deg | tilt  10.0 deg | pitch  -0.9 deg | off centre  1.1 cm | peak F  9.8 N | length  33.2
[  81513 steps,   900 episodes] last 50: success  58.0% | within 3 cm 100.0% | min dist 0.021 m | approach   2.8 deg | tilt   9.8 deg | pitch  -1.1 deg | off centre  1.2 cm | peak F  9.6 N | length  34.9
[  82935 steps,   950 episodes] last 50: success  60.0% | within 3 cm 100.0% | min dist 0.020 m | approach   3.2 deg | tilt  10.8 deg | pitch  -0.9 deg | off centre  1.0 cm | peak F 10.0 N | length  28.4
[  84356 steps,  1000 episodes] last 50: success  48.0% | within 3 cm 100.0% | min dist 0.019 m | approach   2.7 deg | tilt  10.8 deg | pitch  -0.8 deg | off centre  1.0 cm | peak F 10.4 N | length  28.4
[  85451 steps,  1050 episodes] last 50: success  52.0% | within 3 cm 100.0% | min dist 0.020 m | approach   2.6 deg | tilt   9.7 deg | pitch  -0.8 deg | off centre  1.0 cm | peak F 10.1 N | length  21.9
[  86664 steps,  1100 episodes] last 50: success  50.0% | within 3 cm 100.0% | min dist 0.019 m | approach   3.1 deg | tilt  10.1 deg | pitch  -0.7 deg | off centre  1.1 cm | peak F 10.3 N | length  24.3
[  87897 steps,  1150 episodes] last 50: success  58.0% | within 3 cm 100.0% | min dist 0.020 m | approach   2.9 deg | tilt  10.7 deg | pitch  -1.0 deg | off centre  1.1 cm | peak F 10.1 N | length  24.7
[  89148 steps,  1200 episodes] last 50: success  68.0% | within 3 cm 100.0% | min dist 0.021 m | approach   2.5 deg | tilt   9.8 deg | pitch  -1.0 deg | off centre  1.1 cm | peak F  9.5 N | length  25.0
[  90234 steps,  1250 episodes] last 50: success  58.0% | within 3 cm 100.0% | min dist 0.020 m | approach   2.9 deg | tilt   9.9 deg | pitch  -1.2 deg | off centre  1.0 cm | peak F  9.8 N | length  21.7
[  91454 steps,  1300 episodes] last 50: success  62.0% | within 3 cm 100.0% | min dist 0.021 m | approach   3.2 deg | tilt  11.4 deg | pitch  -1.2 deg | off centre  1.0 cm | peak F  9.5 N | length  24.4
[  92560 steps,  1350 episodes] last 50: success  64.0% | within 3 cm 100.0% | min dist 0.020 m | approach   3.1 deg | tilt  10.1 deg | pitch  -1.3 deg | off centre  1.1 cm | peak F  9.8 N | length  22.1
[  93631 steps,  1400 episodes] last 50: success  64.0% | within 3 cm 100.0% | min dist 0.021 m | approach   3.1 deg | tilt  10.9 deg | pitch  -1.3 deg | off centre  1.1 cm | peak F  9.7 N | length  21.4
[  94688 steps,  1450 episodes] last 50: success  66.0% | within 3 cm 100.0% | min dist 0.021 m | approach   3.8 deg | tilt  10.2 deg | pitch  -1.8 deg | off centre  1.2 cm | peak F  9.7 N | length  21.1
[  95607 steps,  1500 episodes] last 50: success  62.0% | within 3 cm 100.0% | min dist 0.020 m | approach   3.6 deg | tilt  11.6 deg | pitch  -1.6 deg | off centre  1.1 cm | peak F  9.9 N | length  18.4
[  96729 steps,  1550 episodes] last 50: success  48.0% | within 3 cm 100.0% | min dist 0.020 m | approach   2.9 deg | tilt   9.9 deg | pitch  -1.4 deg | off centre  1.0 cm | peak F 10.2 N | length  22.4
[  97536 steps,  1600 episodes] last 50: success  54.0% | within 3 cm 100.0% | min dist 0.019 m | approach   3.7 deg | tilt  11.3 deg | pitch  -1.8 deg | off centre  0.9 cm | peak F 10.4 N | length  16.1
[  98457 steps,  1650 episodes] last 50: success  52.0% | within 3 cm 100.0% | min dist 0.020 m | approach   3.2 deg | tilt  10.7 deg | pitch  -1.5 deg | off centre  1.1 cm | peak F 10.0 N | length  18.4
[  99325 steps,  1700 episodes] last 50: success  56.0% | within 3 cm 100.0% | min dist 0.020 m | approach   3.5 deg | tilt  10.2 deg | pitch  -1.5 deg | off centre  1.0 cm | peak F 10.0 N | length  17.4
[ 100056 steps,  1750 episodes] last 50: success  56.0% | within 3 cm 100.0% | min dist 0.021 m | approach   3.2 deg | tilt   9.6 deg | pitch  -1.7 deg | off centre  1.1 cm | peak F  9.4 N | length  14.6
trained 100000 steps in 15.9 min -> models/short/C1_seed0_100k.zip
evaluation, 20 deterministic episodes: success  45.0% | within 3 cm 100.0% | min dist 0.019 m | approach   2.8 deg | tilt   5.5 deg | pitch  -1.7 deg | off centre  0.9 cm | peak F 10.3 N | length   4.8
