Waiting for connections on port: 7101...
Connected successfully
[  10000 steps,    50 episodes] last 50: success   0.0% | within 3 cm   2.0% | min dist 0.119 m | approach   8.3 deg | tilt  13.5 deg | off centre  6.3 cm | peak F  0.2 N | length 200.0
[  20000 steps,   100 episodes] last 50: success   0.0% | within 3 cm   0.0% | min dist 0.130 m | approach   7.9 deg | tilt  16.6 deg | off centre  5.0 cm | peak F  0.0 N | length 200.0
[  29990 steps,   150 episodes] last 50: success   2.0% | within 3 cm   2.0% | min dist 0.109 m | approach  10.3 deg | tilt  18.6 deg | off centre  4.4 cm | peak F  0.2 N | length 199.8
[  39538 steps,   200 episodes] last 50: success   4.0% | within 3 cm  12.0% | min dist 0.058 m | approach   8.0 deg | tilt  18.3 deg | off centre  3.1 cm | peak F  1.4 N | length 191.0
[  48137 steps,   250 episodes] last 50: success  18.0% | within 3 cm  42.0% | min dist 0.039 m | approach  11.6 deg | tilt  21.7 deg | off centre  2.5 cm | peak F  3.7 N | length 172.0
[  55358 steps,   300 episodes] last 50: success  26.0% | within 3 cm  56.0% | min dist 0.031 m | approach  12.0 deg | tilt  21.5 deg | off centre  1.8 cm | peak F  5.5 N | length 144.4
[  60482 steps,   350 episodes] last 50: success  44.0% | within 3 cm  84.0% | min dist 0.024 m | approach   9.7 deg | tilt  13.7 deg | off centre  1.4 cm | peak F  8.3 N | length 102.5
[  65589 steps,   400 episodes] last 50: success  48.0% | within 3 cm  88.0% | min dist 0.024 m | approach   9.3 deg | tilt  12.2 deg | off centre  1.4 cm | peak F  8.2 N | length 102.1
[  68671 steps,   450 episodes] last 50: success  50.0% | within 3 cm 100.0% | min dist 0.020 m | approach   8.1 deg | tilt  10.5 deg | off centre  1.2 cm | peak F  9.8 N | length  61.6
[  71742 steps,   500 episodes] last 50: success  52.0% | within 3 cm  96.0% | min dist 0.021 m | approach   8.1 deg | tilt  12.7 deg | off centre  1.2 cm | peak F  9.4 N | length  61.4
[  74176 steps,   550 episodes] last 50: success  68.0% | within 3 cm 100.0% | min dist 0.022 m | approach   7.8 deg | tilt  11.9 deg | off centre  1.1 cm | peak F  9.0 N | length  48.7
[  76557 steps,   600 episodes] last 50: success  52.0% | within 3 cm  98.0% | min dist 0.021 m | approach   6.6 deg | tilt   9.7 deg | off centre  1.3 cm | peak F  9.6 N | length  47.6
[  78757 steps,   650 episodes] last 50: success  42.0% | within 3 cm  98.0% | min dist 0.021 m | approach   6.4 deg | tilt   9.8 deg | off centre  1.2 cm | peak F  9.8 N | length  44.0
[  80846 steps,   700 episodes] last 50: success  48.0% | within 3 cm 100.0% | min dist 0.020 m | approach   6.4 deg | tilt  11.0 deg | off centre  1.1 cm | peak F 10.0 N | length  41.8
[  82815 steps,   750 episodes] last 50: success  48.0% | within 3 cm 100.0% | min dist 0.020 m | approach   5.9 deg | tilt   8.8 deg | off centre  1.1 cm | peak F 10.1 N | length  39.4
[  84394 steps,   800 episodes] last 50: success  58.0% | within 3 cm  98.0% | min dist 0.022 m | approach   5.1 deg | tilt   9.4 deg | off centre  1.2 cm | peak F  9.2 N | length  31.6
[  86260 steps,   850 episodes] last 50: success  56.0% | within 3 cm 100.0% | min dist 0.020 m | approach   5.3 deg | tilt  10.3 deg | off centre  1.2 cm | peak F 10.0 N | length  37.3
[  87932 steps,   900 episodes] last 50: success  40.0% | within 3 cm 100.0% | min dist 0.019 m | approach   4.6 deg | tilt   8.7 deg | off centre  1.1 cm | peak F 10.3 N | length  33.4
[  89858 steps,   950 episodes] last 50: success  52.0% | within 3 cm 100.0% | min dist 0.020 m | approach   5.5 deg | tilt   8.7 deg | off centre  1.2 cm | peak F 10.0 N | length  38.5
[  91270 steps,  1000 episodes] last 50: success  54.0% | within 3 cm 100.0% | min dist 0.020 m | approach   5.7 deg | tilt   9.6 deg | off centre  1.2 cm | peak F 10.0 N | length  28.2
[  92762 steps,  1050 episodes] last 50: success  52.0% | within 3 cm 100.0% | min dist 0.020 m | approach   4.6 deg | tilt   9.5 deg | off centre  1.1 cm | peak F  9.8 N | length  29.8
[  93993 steps,  1100 episodes] last 50: success  54.0% | within 3 cm 100.0% | min dist 0.020 m | approach   5.8 deg | tilt  11.1 deg | off centre  1.2 cm | peak F 10.0 N | length  24.6
[  95232 steps,  1150 episodes] last 50: success  48.0% | within 3 cm 100.0% | min dist 0.020 m | approach   5.4 deg | tilt   9.5 deg | off centre  1.1 cm | peak F 10.2 N | length  24.8
[  96582 steps,  1200 episodes] last 50: success  54.0% | within 3 cm 100.0% | min dist 0.021 m | approach   4.9 deg | tilt   8.7 deg | off centre  1.2 cm | peak F  9.7 N | length  27.0
[  97818 steps,  1250 episodes] last 50: success  46.0% | within 3 cm 100.0% | min dist 0.020 m | approach   4.8 deg | tilt   8.4 deg | off centre  1.1 cm | peak F 10.1 N | length  24.7
[  98832 steps,  1300 episodes] last 50: success  42.0% | within 3 cm 100.0% | min dist 0.019 m | approach   5.0 deg | tilt   9.6 deg | off centre  1.1 cm | peak F 10.5 N | length  20.3
[ 100004 steps,  1350 episodes] last 50: success  44.0% | within 3 cm 100.0% | min dist 0.019 m | approach   5.0 deg | tilt   8.9 deg | off centre  1.0 cm | peak F 10.3 N | length  23.4
trained 100000 steps in 15.5 min -> models/short/C1_seed0_100k.zip
evaluation, 20 deterministic episodes: success  50.0% | within 3 cm  95.0% | min dist 0.022 m | approach   1.6 deg | tilt   4.3 deg | off centre  1.1 cm | peak F  9.1 N | length  25.2
