Waiting for connections on port: 7401...
Connected successfully
[   9851 steps,    50 episodes] last 50: success   2.0% | within 3 cm   2.0% | min dist 0.145 m | approach  10.0 deg | tilt  16.7 deg | off centre  7.5 cm | peak F  0.2 N | length 197.0
[  19851 steps,   100 episodes] last 50: success   0.0% | within 3 cm   2.0% | min dist 0.112 m | approach   8.1 deg | tilt  20.3 deg | off centre  5.4 cm | peak F  0.3 N | length 200.0
[  29851 steps,   150 episodes] last 50: success   0.0% | within 3 cm   2.0% | min dist 0.102 m | approach   9.9 deg | tilt  31.7 deg | off centre  4.5 cm | peak F  0.1 N | length 200.0
[  39851 steps,   200 episodes] last 50: success   0.0% | within 3 cm   0.0% | min dist 0.115 m | approach   8.8 deg | tilt  15.6 deg | off centre  4.4 cm | peak F  0.0 N | length 200.0
[  49851 steps,   250 episodes] last 50: success   0.0% | within 3 cm   0.0% | min dist 0.105 m | approach   7.6 deg | tilt  12.7 deg | off centre  4.2 cm | peak F  0.0 N | length 200.0
[  59801 steps,   300 episodes] last 50: success   2.0% | within 3 cm   2.0% | min dist 0.072 m | approach   4.9 deg | tilt   8.2 deg | off centre  3.2 cm | peak F  0.6 N | length 199.0
[  68241 steps,   350 episodes] last 50: success  26.0% | within 3 cm  44.0% | min dist 0.036 m | approach   4.9 deg | tilt   7.3 deg | off centre  2.0 cm | peak F  4.1 N | length 168.8
[  74443 steps,   400 episodes] last 50: success  48.0% | within 3 cm  76.0% | min dist 0.026 m | approach   4.4 deg | tilt   8.2 deg | off centre  1.5 cm | peak F  7.0 N | length 124.0
[  79764 steps,   450 episodes] last 50: success  42.0% | within 3 cm  88.0% | min dist 0.024 m | approach   3.8 deg | tilt   7.5 deg | off centre  1.3 cm | peak F  8.1 N | length 106.4
[  83439 steps,   500 episodes] last 50: success  58.0% | within 3 cm  96.0% | min dist 0.022 m | approach   3.7 deg | tilt   7.4 deg | off centre  1.1 cm | peak F  9.0 N | length  73.5
[  87162 steps,   550 episodes] last 50: success  56.0% | within 3 cm  94.0% | min dist 0.022 m | approach   4.0 deg | tilt   8.7 deg | off centre  1.1 cm | peak F  8.8 N | length  74.5
[  90443 steps,   600 episodes] last 50: success  58.0% | within 3 cm  98.0% | min dist 0.021 m | approach   3.4 deg | tilt   7.2 deg | off centre  1.0 cm | peak F  9.3 N | length  65.6
[  93234 steps,   650 episodes] last 50: success  58.0% | within 3 cm  96.0% | min dist 0.023 m | approach   3.4 deg | tilt   8.6 deg | off centre  1.1 cm | peak F  8.9 N | length  55.8
[  95313 steps,   700 episodes] last 50: success  78.0% | within 3 cm 100.0% | min dist 0.023 m | approach   3.4 deg | tilt   8.5 deg | off centre  1.2 cm | peak F  8.5 N | length  41.6
[  97178 steps,   750 episodes] last 50: success  66.0% | within 3 cm 100.0% | min dist 0.022 m | approach   3.3 deg | tilt   8.6 deg | off centre  1.0 cm | peak F  9.2 N | length  37.3
[  98888 steps,   800 episodes] last 50: success  72.0% | within 3 cm 100.0% | min dist 0.022 m | approach   3.2 deg | tilt   9.3 deg | off centre  1.1 cm | peak F  9.2 N | length  34.2
trained 100000 steps in 14.9 min -> models/short/C4_seed0_100k.zip
evaluation, 20 deterministic episodes: success  75.0% | within 3 cm 100.0% | min dist 0.023 m | approach   1.5 deg | tilt  10.9 deg | off centre  1.0 cm | peak F  8.6 N | length  14.8
