Waiting for connections on port: 5005...
Connected successfully
======================================================================
可达性排查 v2
======================================================================
关节数        : 7
关节限位      : [-180.0, 180.0] deg
嘴部位置      : [ 0.2604  0.8994 -0.5484]
成功阈值      : 0.03 m
初始姿态距离  : 0.8214 m  (勺尖 [0.0338 1.4674 0.    ])
计划评估次数  : 4900  (阶段1 2500 + 阶段2 4x15x40)
======================================================================

[阶段 1] 全空间均匀采样 2500 次
  采样范围: [-180.0, 180.0] deg,各关节独立均匀
    100/2500  最优 = 0.1758 m   已用 0.0 min, 预计还需 1.2 min
    200/2500  最优 = 0.1758 m   已用 0.1 min, 预计还需 1.1 min
    300/2500  最优 = 0.1426 m   已用 0.2 min, 预计还需 1.1 min
    400/2500  最优 = 0.1426 m   已用 0.2 min, 预计还需 1.1 min
    500/2500  最优 = 0.1426 m   已用 0.2 min, 预计还需 1.0 min
    600/2500  最优 = 0.1426 m   已用 0.3 min, 预计还需 0.9 min
    700/2500  最优 = 0.1426 m   已用 0.3 min, 预计还需 0.9 min
    800/2500  最优 = 0.1426 m   已用 0.4 min, 预计还需 0.9 min
    900/2500  最优 = 0.1426 m   已用 0.5 min, 预计还需 0.8 min
   1000/2500  最优 = 0.1426 m   已用 0.5 min, 预计还需 0.8 min
   1100/2500  最优 = 0.1426 m   已用 0.6 min, 预计还需 0.7 min
   1200/2500  最优 = 0.1426 m   已用 0.6 min, 预计还需 0.7 min
   1300/2500  最优 = 0.1426 m   已用 0.7 min, 预计还需 0.6 min
   1400/2500  最优 = 0.1426 m   已用 0.7 min, 预计还需 0.6 min
   1500/2500  最优 = 0.1426 m   已用 0.8 min, 预计还需 0.5 min
   1600/2500  最优 = 0.1426 m   已用 0.8 min, 预计还需 0.5 min
   1700/2500  最优 = 0.1426 m   已用 0.9 min, 预计还需 0.4 min
   1800/2500  最优 = 0.1426 m   已用 0.9 min, 预计还需 0.4 min
   1900/2500  最优 = 0.1426 m   已用 1.0 min, 预计还需 0.3 min
   2000/2500  最优 = 0.1426 m   已用 1.0 min, 预计还需 0.3 min
   2100/2500  最优 = 0.1426 m   已用 1.1 min, 预计还需 0.2 min
   2200/2500  最优 = 0.1426 m   已用 1.1 min, 预计还需 0.2 min
   2300/2500  最优 = 0.1426 m   已用 1.2 min, 预计还需 0.1 min
   2400/2500  最优 = 0.1426 m   已用 1.2 min, 预计还需 0.1 min
   2500/2500  最优 = 0.1426 m   已用 1.3 min, 预计还需 0.0 min

  均匀采样结果:
    最小 0.1426 m | 中位 0.9871 m | 最大 1.9179 m
    < 0.30 m :    16 次 ( 0.64%)
    < 0.20 m :     2 次 ( 0.08%)
    < 0.10 m :     0 次 ( 0.00%)
    < 0.05 m :     0 次 ( 0.00%)
    < 0.03 m :     0 次 ( 0.00%)

[阶段 2] CEM 局部精化 —— 4 个起点 x 15 轮 x 40 样本
  sigma: 初始 45.0 deg, 下限 2.0 deg (上一版无下限,导致第 2 轮即坍缩)

  -- 起点 1/4 (初始距离 1.0581 m)
     iter  0  best=0.3144 m  sigma_mean= 34.1 deg
     iter  1  best=0.2752 m  sigma_mean= 23.0 deg
     iter  2  best=0.2752 m  sigma_mean= 19.9 deg
     iter  3  best=0.2680 m  sigma_mean= 16.9 deg
     iter  4  best=0.2680 m  sigma_mean= 12.1 deg
     iter  5  best=0.2663 m  sigma_mean=  8.5 deg
     iter  6  best=0.2651 m  sigma_mean=  6.1 deg
     iter  7  best=0.2647 m  sigma_mean=  5.7 deg
     iter  8  best=0.2644 m  sigma_mean=  4.7 deg
     iter  9  best=0.2642 m  sigma_mean=  4.4 deg
     iter 10  best=0.2640 m  sigma_mean=  3.2 deg
     iter 11  best=0.2634 m  sigma_mean=  3.2 deg
     iter 12  best=0.2632 m  sigma_mean=  2.7 deg
     iter 13  best=0.2632 m  sigma_mean=  2.5 deg
     iter 14  best=0.2629 m  sigma_mean=  2.5 deg

  -- 起点 2/4 (初始距离 1.2171 m)
     iter  0  best=0.7120 m  sigma_mean= 41.7 deg
     iter  1  best=0.5082 m  sigma_mean= 39.8 deg
     iter  2  best=0.3539 m  sigma_mean= 26.5 deg
     iter  3  best=0.3539 m  sigma_mean= 21.1 deg
     iter  4  best=0.3424 m  sigma_mean= 14.8 deg
     iter  5  best=0.3323 m  sigma_mean= 11.4 deg
     iter  6  best=0.3277 m  sigma_mean=  9.2 deg
     iter  7  best=0.3277 m  sigma_mean=  7.1 deg
     iter  8  best=0.3241 m  sigma_mean=  6.6 deg
     iter  9  best=0.3241 m  sigma_mean=  6.0 deg
     iter 10  best=0.3233 m  sigma_mean=  3.5 deg
     iter 11  best=0.3212 m  sigma_mean=  2.7 deg
     iter 12  best=0.3195 m  sigma_mean=  2.7 deg
     iter 13  best=0.3195 m  sigma_mean=  2.2 deg
     iter 14  best=0.3195 m  sigma_mean=  2.2 deg

  -- 起点 3/4 (初始距离 0.4611 m)
     iter  0  best=0.3656 m  sigma_mean= 36.0 deg
     iter  1  best=0.2752 m  sigma_mean= 30.2 deg
     iter  2  best=0.2752 m  sigma_mean= 21.7 deg
     iter  3  best=0.2752 m  sigma_mean= 20.8 deg
     iter  4  best=0.2752 m  sigma_mean= 74.9 deg  <- 停滞,扩张 sigma
     iter  5  best=0.2752 m  sigma_mean= 43.5 deg
     iter  6  best=0.2752 m  sigma_mean= 28.7 deg
     iter  7  best=0.2752 m  sigma_mean= 85.0 deg  <- 停滞,扩张 sigma
     iter  8  best=0.2752 m  sigma_mean= 45.6 deg
     iter  9  best=0.2752 m  sigma_mean= 28.6 deg
     iter 10  best=0.2752 m  sigma_mean= 85.6 deg  <- 停滞,扩张 sigma
     iter 11  best=0.2752 m  sigma_mean= 55.5 deg
     iter 12  best=0.2752 m  sigma_mean= 46.7 deg
     iter 13  best=0.2752 m  sigma_mean=177.7 deg  <- 停滞,扩张 sigma
     iter 14  best=0.2752 m  sigma_mean= 73.7 deg

  -- 起点 4/4 (初始距离 0.5620 m)
     iter  0  best=0.7531 m  sigma_mean= 40.0 deg
     iter  1  best=0.3383 m  sigma_mean= 30.2 deg
     iter  2  best=0.3055 m  sigma_mean= 23.2 deg
     iter  3  best=0.3028 m  sigma_mean= 17.4 deg
     iter  4  best=0.2981 m  sigma_mean= 12.4 deg
     iter  5  best=0.2923 m  sigma_mean= 10.9 deg
     iter  6  best=0.2915 m  sigma_mean= 10.7 deg
     iter  7  best=0.2902 m  sigma_mean=  8.1 deg
     iter  8  best=0.2887 m  sigma_mean=  5.6 deg
     iter  9  best=0.2862 m  sigma_mean=  5.0 deg
     iter 10  best=0.2861 m  sigma_mean=  5.2 deg
     iter 11  best=0.2853 m  sigma_mean=  4.8 deg
     iter 12  best=0.2843 m  sigma_mean=  4.8 deg
     iter 13  best=0.2810 m  sigma_mean=  4.0 deg
     iter 14  best=0.2786 m  sigma_mean=  3.7 deg

======================================================================
结论
======================================================================
评估总次数       : 4905
耗时             : 2.5 min
阶段1 (均匀) 最优: 0.1426 m
阶段2 (CEM)  最优: 0.2629 m
可达最小距离     : 0.1426 m   <<< 关键
该点接触力       : 0.00 N
最优关节角       : [124.3, 114.0, -9.5, 84.7, -3.9, -139.1, -167.9]
成功阈值         : 0.03 m
策略当前停滞于   : ~0.41 m  (参考)

>>> 不可达。这是场景配置问题,不是算法问题。
    4905 次评估的最优结果仍差 0.113 m。
    排查顺序:
      1. 机械臂基座与嘴的距离是否超出臂展
      2. 关节限位是否设得过严
      3. 是否有碰撞体阻挡(桌面、餐盘、自身连杆)
      4. 嘴部坐标读数是否正确
    在修正场景之前,任何算法改进都无效。
======================================================================

结果已保存: results/reachability_bowl.json
